3614  futex(0x7faae8d12f38, FUTEX_WAKE_PRIVATE, 2147483647) = 0
3614  futex(0x7faae8d12f38, FUTEX_WAKE_PRIVATE, 2147483647) = 0
3614  futex(0x7faae8d12f38, FUTEX_WAKE_PRIVATE, 2147483647) = 0
3614  futex(0x7faae8d12f38, FUTEX_WAKE_PRIVATE, 2147483647) = 0
3614  eventfd2(0, EFD_CLOEXEC|EFD_NONBLOCK) = 12
3614  write(12, "\1\0\0\0\0\0\0\0", 8)  = 8
3614  write(11, "\1\0\0\0\0\0\0\0", 8)  = 8
3616  <... poll resumed> )              = 1 ([{fd=11, revents=POLLIN}])
3614  poll([{fd=12, events=POLLIN}], 1, 25000 <unfinished ...>
3616  read(11,  <unfinished ...>
3614  <... poll resumed> )              = 1 ([{fd=12, revents=POLLIN}])
3616  <... read resumed> "\1\0\0\0\0\0\0\0", 16) = 8
3614  read(12, "\1\0\0\0\0\0\0\0", 16)  = 8
3616  sendmsg(10, {msg_name=NULL, msg_namelen=0, msg_iov=[{iov_base="l\1\0\1\34\0\0\0\17\0\0\0}\0\0\0\10\1g\0\2su\0\1\1o\0\25\0\0\0"..., iov_len=172}], msg_iovlen=1, msg_controllen=0, msg_flags=0}, MSG_NOSIGNAL <unfinished ...>
3614  poll([{fd=12, events=POLLIN}], 1, 25000 <unfinished ...>
3616  <... sendmsg resumed> )           = 172
3616  poll([{fd=10, events=POLLIN}, {fd=11, events=POLLIN}], 2, 0) = 0 (Timeout)
3616  poll([{fd=10, events=POLLIN}, {fd=11, events=POLLIN}], 2, -1) = 1 ([{fd=10, revents=POLLIN}])
3616  write(11, "\1\0\0\0\0\0\0\0", 8)  = 8
3616  recvmsg(10, {msg_name=NULL, msg_namelen=0, msg_iov=[{iov_base="l\4\1\1\27\0\0\0\16\0\0\0\215\0\0\0", iov_len=16}], msg_iovlen=1, msg_controllen=0, msg_flags=MSG_CMSG_CLOEXEC}, MSG_CMSG_CLOEXEC) = 16
3616  poll([{fd=10, events=POLLIN}], 1, 0) = 1 ([{fd=10, revents=POLLIN}])
3616  recvmsg(10, {msg_name=NULL, msg_namelen=0, msg_iov=[{iov_base="\1\1o\0\25\0\0\0/org/freedesktop/DBus\0\0\0"..., iov_len=167}], msg_iovlen=1, msg_controllen=0, msg_flags=MSG_CMSG_CLOEXEC}, MSG_CMSG_CLOEXEC) = 167
3616  write(11, "\1\0\0\0\0\0\0\0", 8)  = 8
3616  write(11, "\1\0\0\0\0\0\0\0", 8)  = 8
3616  poll([{fd=11, events=POLLIN}], 1, 0) = 1 ([{fd=11, revents=POLLIN}])
3616  read(11, "\3\0\0\0\0\0\0\0", 16)  = 8
3616  poll([{fd=10, events=POLLIN}], 1, 0) = 1 ([{fd=10, revents=POLLIN}])
3616  recvmsg(10, {msg_name=NULL, msg_namelen=0, msg_iov=[{iov_base="l\2\1\1\4\0\0\0\17\0\0\0=\0\0\0", iov_len=16}], msg_iovlen=1, msg_controllen=0, msg_flags=MSG_CMSG_CLOEXEC}, MSG_CMSG_CLOEXEC) = 16
3616  poll([{fd=11, events=POLLIN}], 1, 0) = 0 (Timeout)
3616  poll([{fd=10, events=POLLIN}], 1, 0) = 1 ([{fd=10, revents=POLLIN}])
3616  recvmsg(10, {msg_name=NULL, msg_namelen=0, msg_iov=[{iov_base="\6\1s\0\5\0\0\0:1.60\0\0\0\5\1u\0\17\0\0\0\10\1g\0\1u\0\0"..., iov_len=68}], msg_iovlen=1, msg_controllen=0, msg_flags=MSG_CMSG_CLOEXEC}, MSG_CMSG_CLOEXEC) = 68
3616  poll([{fd=11, events=POLLIN}], 1, 0) = 0 (Timeout)
3616  write(12, "\1\0\0\0\0\0\0\0", 8 <unfinished ...>
3614  <... poll resumed> )              = 1 ([{fd=12, revents=POLLIN}])
3616  <... write resumed> )             = 8
3614  futex(0x55faaba716b0, FUTEX_WAIT_PRIVATE, 2, NULL <unfinished ...>
3616  futex(0x55faaba716b0, FUTEX_WAKE_PRIVATE, 1 <unfinished ...>
3614  <... futex resumed> )             = -1 EAGAIN (Resource temporarily unavailable)
3616  <... futex resumed> )             = 0
3614  read(12,  <unfinished ...>
3616  futex(0x55faaba716b0, FUTEX_WAIT_PRIVATE, 2, NULL <unfinished ...>
3614  <... read resumed> "\1\0\0\0\0\0\0\0", 16) = 8
3614  futex(0x55faaba716b0, FUTEX_WAKE_PRIVATE, 1) = 1
3616  <... futex resumed> )             = 0
3614  write(12, "\1\0\0\0\0\0\0\0", 8 <unfinished ...>
3616  futex(0x55faaba716b0, FUTEX_WAIT_PRIVATE, 2, NULL <unfinished ...>
3614  <... write resumed> )             = 8
3614  futex(0x55faaba716c0, FUTEX_WAKE_PRIVATE, 2147483647) = 0
3614  futex(0x55faaba716b0, FUTEX_WAKE_PRIVATE, 1) = 1
3616  <... futex resumed> )             = 0
3614  futex(0x55faaba716b0, FUTEX_WAKE_PRIVATE, 1 <unfinished ...>
3616  futex(0x55faaba716b0, FUTEX_WAIT_PRIVATE, 2, NULL <unfinished ...>
3614  <... futex resumed> )             = 0
3616  <... futex resumed> )             = -1 EAGAIN (Resource temporarily unavailable)
3616  futex(0x55faaba716b0, FUTEX_WAKE_PRIVATE, 1) = 0
3614  futex(0x7faae8f67288, FUTEX_WAIT_PRIVATE, 2, NULL <unfinished ...>
3616  futex(0x7faae8f67288, FUTEX_WAKE_PRIVATE, 1 <unfinished ...>
3614  <... futex resumed> )             = -1 EAGAIN (Resource temporarily unavailable)
3616  <... futex resumed> )             = 0
3614  futex(0x7faae8f67288, FUTEX_WAKE_PRIVATE, 1 <unfinished ...>
3616  futex(0x7faae8f67288, FUTEX_WAIT_PRIVATE, 2, NULL <unfinished ...>
3614  <... futex resumed> )             = 0
3616  <... futex resumed> )             = -1 EAGAIN (Resource temporarily unavailable)
3614  futex(0x7faae8f67288, FUTEX_WAKE_PRIVATE, 1 <unfinished ...>
3616  futex(0x7faae8f67288, FUTEX_WAIT_PRIVATE, 2, NULL <unfinished ...>
3614  <... futex resumed> )             = 0
3616  <... futex resumed> )             = -1 EAGAIN (Resource temporarily unavailable)
3616  futex(0x7faae8f67288, FUTEX_WAKE_PRIVATE, 1 <unfinished ...>
3614  futex(0x7faae8d12f38, FUTEX_WAKE_PRIVATE, 2147483647 <unfinished ...>
3616  <... futex resumed> )             = 0
3614  <... futex resumed> )             = 0
3616  close(12)                         = 0
3614  futex(0x7faae8d12f38, FUTEX_WAKE_PRIVATE, 2147483647 <unfinished ...>
3616  poll([{fd=10, events=POLLIN}], 1, 0 <unfinished ...>
3614  <... futex resumed> )             = 0
3616  <... poll resumed> )              = 0 (Timeout)
3614  futex(0x7faae8d12f38, FUTEX_WAKE_PRIVATE, 2147483647 <unfinished ...>
3616  write(11, "\1\0\0\0\0\0\0\0", 8 <unfinished ...>
3614  <... futex resumed> )             = 0
3616  <... write resumed> )             = 8
3616  poll([{fd=10, events=POLLIN}, {fd=11, events=POLLIN}], 2, -1) = 1 ([{fd=11, revents=POLLIN}])
3616  read(11,  <unfinished ...>
3614  futex(0x7faae8d12f38, FUTEX_WAKE_PRIVATE, 2147483647 <unfinished ...>
3616  <... read resumed> "\1\0\0\0\0\0\0\0", 16) = 8
3614  <... futex resumed> )             = 0
3616  poll([{fd=10, events=POLLIN}, {fd=11, events=POLLIN}], 2, -1 <unfinished ...>
3614  write(11, "\1\0\0\0\0\0\0\0", 8)  = 8
3616  <... poll resumed> )              = 1 ([{fd=11, revents=POLLIN}])
3614  eventfd2(0, EFD_CLOEXEC|EFD_NONBLOCK <unfinished ...>
3616  read(11,  <unfinished ...>
3614  <... eventfd2 resumed> )          = 12
3616  <... read resumed> "\1\0\0\0\0\0\0\0", 16) = 8
3614  write(12, "\1\0\0\0\0\0\0\0", 8 <unfinished ...>
3616  sendmsg(10, {msg_name=NULL, msg_namelen=0, msg_iov=[{iov_base="l\1\0\1\250\0\0\0\20\0\0\0}\0\0\0\10\1g\0\1s\0\0\1\1o\0\25\0\0\0"..., iov_len=312}], msg_iovlen=1, msg_controllen=0, msg_flags=0}, MSG_NOSIGNAL <unfinished ...>
3614  <... write resumed> )             = 8
3616  <... sendmsg resumed> )           = 312
3616  poll([{fd=10, events=POLLIN}, {fd=11, events=POLLIN}], 2, 0) = 0 (Timeout)
3616  poll([{fd=10, events=POLLIN}, {fd=11, events=POLLIN}], 2, -1 <unfinished ...>
3614  write(11, "\1\0\0\0\0\0\0\0", 8)  = 8
3616  <... poll resumed> )              = 2 ([{fd=10, revents=POLLIN}, {fd=11, revents=POLLIN}])
3614  poll([{fd=12, events=POLLIN}], 1, 25000 <unfinished ...>
3616  read(11,  <unfinished ...>
3614  <... poll resumed> )              = 1 ([{fd=12, revents=POLLIN}])
3616  <... read resumed> "\1\0\0\0\0\0\0\0", 16) = 8
3614  read(12,  <unfinished ...>
3616  write(11, "\1\0\0\0\0\0\0\0", 8 <unfinished ...>
3614  <... read resumed> "\1\0\0\0\0\0\0\0", 16) = 8
3616  <... write resumed> )             = 8
3614  poll([{fd=12, events=POLLIN}], 1, 25000 <unfinished ...>
3616  recvmsg(10, {msg_name=NULL, msg_namelen=0, msg_iov=[{iov_base="l\2\1\1\0\0\0\0\20\0\0\0005\0\0\0", iov_len=16}], msg_iovlen=1, msg_controllen=0, msg_flags=MSG_CMSG_CLOEXEC}, MSG_CMSG_CLOEXEC) = 16
3616  poll([{fd=10, events=POLLIN}], 1, 0) = 1 ([{fd=10, revents=POLLIN}])
3616  recvmsg(10, {msg_name=NULL, msg_namelen=0, msg_iov=[{iov_base="\6\1s\0\5\0\0\0:1.60\0\0\0\5\1u\0\20\0\0\0\7\1s\0\24\0\0\0"..., iov_len=56}], msg_iovlen=1, msg_controllen=0, msg_flags=MSG_CMSG_CLOEXEC}, MSG_CMSG_CLOEXEC) = 56
3616  write(11, "\1\0\0\0\0\0\0\0", 8)  = 8
3616  write(11, "\1\0\0\0\0\0\0\0", 8)  = 8
3616  sendmsg(10, {msg_name=NULL, msg_namelen=0, msg_iov=[{iov_base="l\1\0\1\35\0\0\0\21\0\0\0}\0\0\0\10\1g\0\1s\0\0\1\1o\0\25\0\0\0"..., iov_len=173}], msg_iovlen=1, msg_controllen=0, msg_flags=0}, MSG_NOSIGNAL) = 173
3616  poll([{fd=11, events=POLLIN}], 1, 0) = 1 ([{fd=11, revents=POLLIN}])
3616  read(11, "\3\0\0\0\0\0\0\0", 16)  = 8
3616  poll([{fd=10, events=POLLIN}], 1, 0) = 1 ([{fd=10, revents=POLLIN}])
3616  recvmsg(10, {msg_name=NULL, msg_namelen=0, msg_iov=[{iov_base="l\3\1\1I\0\0\0\21\0\0\0u\0\0\0", iov_len=16}], msg_iovlen=1, msg_controllen=0, msg_flags=MSG_CMSG_CLOEXEC}, MSG_CMSG_CLOEXEC) = 16
3616  poll([{fd=11, events=POLLIN}], 1, 0) = 0 (Timeout)
3616  poll([{fd=10, events=POLLIN}], 1, 0) = 1 ([{fd=10, revents=POLLIN}])
3616  recvmsg(10, {msg_name=NULL, msg_namelen=0, msg_iov=[{iov_base="\6\1s\0\5\0\0\0:1.60\0\0\0\4\1s\0)\0\0\0org.free"..., iov_len=193}], msg_iovlen=1, msg_controllen=0, msg_flags=MSG_CMSG_CLOEXEC}, MSG_CMSG_CLOEXEC) = 193
3616  poll([{fd=11, events=POLLIN}], 1, 0) = 0 (Timeout)
3616  write(12, "\1\0\0\0\0\0\0\0", 8)  = 8
3614  <... poll resumed> )              = 1 ([{fd=12, revents=POLLIN}])
3616  poll([{fd=10, events=POLLIN}], 1, 0 <unfinished ...>
3614  read(12,  <unfinished ...>
3616  <... poll resumed> )              = 0 (Timeout)
3614  <... read resumed> "\1\0\0\0\0\0\0\0", 16) = 8
3616  write(11, "\1\0\0\0\0\0\0\0", 8)  = 8
3614  write(12, "\1\0\0\0\0\0\0\0", 8 <unfinished ...>
3616  poll([{fd=10, events=POLLIN}, {fd=11, events=POLLIN}], 2, -1 <unfinished ...>
3614  <... write resumed> )             = 8
3616  <... poll resumed> )              = 1 ([{fd=11, revents=POLLIN}])
3614  futex(0x55faaba47680, FUTEX_WAKE_PRIVATE, 2147483647 <unfinished ...>
3616  read(11,  <unfinished ...>
3614  <... futex resumed> )             = 0
3616  <... read resumed> "\1\0\0\0\0\0\0\0", 16) = 8
3616  poll([{fd=10, events=POLLIN}, {fd=11, events=POLLIN}], 2, -1 <unfinished ...>
3614  close(12)                         = 0
3614  write(11, "\1\0\0\0\0\0\0\0", 8)  = 8
3616  <... poll resumed> )              = 1 ([{fd=11, revents=POLLIN}])
3616  read(11, "\1\0\0\0\0\0\0\0", 16)  = 8
3616  futex(0x55faab993128, FUTEX_WAIT_PRIVATE, 2, NULL <unfinished ...>
3614  futex(0x55faab993128, FUTEX_WAKE_PRIVATE, 1) = 1
3616  <... futex resumed> )             = 0
3614  eventfd2(0, EFD_CLOEXEC|EFD_NONBLOCK <unfinished ...>
3616  futex(0x55faab993128, FUTEX_WAKE_PRIVATE, 1 <unfinished ...>
3614  <... eventfd2 resumed> )          = 12
3616  <... futex resumed> )             = 0
3614  write(12, "\1\0\0\0\0\0\0\0", 8 <unfinished ...>
3616  sendmsg(10, {msg_name=NULL, msg_namelen=0, msg_iov=[{iov_base="l\1\0\1\250\0\0\0\22\0\0\0}\0\0\0\10\1g\0\1s\0\0\1\1o\0\25\0\0\0"..., iov_len=312}], msg_iovlen=1, msg_controllen=0, msg_flags=0}, MSG_NOSIGNAL <unfinished ...>
3614  <... write resumed> )             = 8
3616  <... sendmsg resumed> )           = 312
3616  poll([{fd=10, events=POLLIN}, {fd=11, events=POLLIN}], 2, 0) = 0 (Timeout)
3614  poll([{fd=12, events=POLLIN}], 1, 25000 <unfinished ...>
3616  sendmsg(10, {msg_name=NULL, msg_namelen=0, msg_iov=[{iov_base="l\1\0\1\247\0\0\0\23\0\0\0}\0\0\0\10\1g\0\1s\0\0\1\1o\0\25\0\0\0"..., iov_len=311}], msg_iovlen=1, msg_controllen=0, msg_flags=0}, MSG_NOSIGNAL <unfinished ...>
3614  <... poll resumed> )              = 1 ([{fd=12, revents=POLLIN}])
3616  <... sendmsg resumed> )           = 311
3614  read(12, "\1\0\0\0\0\0\0\0", 16)  = 8
3616  poll([{fd=10, events=POLLIN}, {fd=11, events=POLLIN}], 2, 0 <unfinished ...>
3614  poll([{fd=12, events=POLLIN}], 1, 25000 <unfinished ...>
3616  <... poll resumed> )              = 1 ([{fd=10, revents=POLLIN}])
3616  write(11, "\1\0\0\0\0\0\0\0", 8)  = 8
3616  recvmsg(10, {msg_name=NULL, msg_namelen=0, msg_iov=[{iov_base="l\2\1\1\0\0\0\0\22\0\0\0005\0\0\0", iov_len=16}], msg_iovlen=1, msg_controllen=0, msg_flags=MSG_CMSG_CLOEXEC}, MSG_CMSG_CLOEXEC) = 16
3616  poll([{fd=10, events=POLLIN}], 1, 0) = 1 ([{fd=10, revents=POLLIN}])
3616  recvmsg(10, {msg_name=NULL, msg_namelen=0, msg_iov=[{iov_base="\6\1s\0\5\0\0\0:1.60\0\0\0\5\1u\0\22\0\0\0\7\1s\0\24\0\0\0"..., iov_len=56}], msg_iovlen=1, msg_controllen=0, msg_flags=MSG_CMSG_CLOEXEC}, MSG_CMSG_CLOEXEC) = 56
3616  write(11, "\1\0\0\0\0\0\0\0", 8)  = 8
3616  write(11, "\1\0\0\0\0\0\0\0", 8)  = 8
3616  sendmsg(10, {msg_name=NULL, msg_namelen=0, msg_iov=[{iov_base="l\1\0\1\34\0\0\0\24\0\0\0}\0\0\0\10\1g\0\1s\0\0\1\1o\0\25\0\0\0"..., iov_len=172}], msg_iovlen=1, msg_controllen=0, msg_flags=0}, MSG_NOSIGNAL) = 172
3616  poll([{fd=11, events=POLLIN}], 1, 0) = 1 ([{fd=11, revents=POLLIN}])
3616  read(11, "\3\0\0\0\0\0\0\0", 16)  = 8
3616  poll([{fd=10, events=POLLIN}], 1, 0) = 1 ([{fd=10, revents=POLLIN}])
3616  recvmsg(10, {msg_name=NULL, msg_namelen=0, msg_iov=[{iov_base="l\2\1\1\0\0\0\0\23\0\0\0005\0\0\0", iov_len=16}], msg_iovlen=1, msg_controllen=0, msg_flags=MSG_CMSG_CLOEXEC}, MSG_CMSG_CLOEXEC) = 16
3616  poll([{fd=11, events=POLLIN}], 1, 0) = 0 (Timeout)
3616  poll([{fd=10, events=POLLIN}], 1, 0) = 1 ([{fd=10, revents=POLLIN}])
3616  recvmsg(10, {msg_name=NULL, msg_namelen=0, msg_iov=[{iov_base="\6\1s\0\5\0\0\0:1.60\0\0\0\5\1u\0\23\0\0\0\7\1s\0\24\0\0\0"..., iov_len=56}], msg_iovlen=1, msg_controllen=0, msg_flags=MSG_CMSG_CLOEXEC}, MSG_CMSG_CLOEXEC) = 56
3616  poll([{fd=11, events=POLLIN}], 1, 0) = 0 (Timeout)
3616  poll([{fd=10, events=POLLIN}], 1, 0) = 1 ([{fd=10, revents=POLLIN}])
3616  recvmsg(10, {msg_name=NULL, msg_namelen=0, msg_iov=[{iov_base="l\3\1\1H\0\0\0\24\0\0\0u\0\0\0", iov_len=16}], msg_iovlen=1, msg_controllen=0, msg_flags=MSG_CMSG_CLOEXEC}, MSG_CMSG_CLOEXEC) = 16
3616  poll([{fd=11, events=POLLIN}], 1, 0) = 0 (Timeout)
3616  poll([{fd=10, events=POLLIN}], 1, 0) = 1 ([{fd=10, revents=POLLIN}])
3616  recvmsg(10, {msg_name=NULL, msg_namelen=0, msg_iov=[{iov_base="\6\1s\0\5\0\0\0:1.60\0\0\0\4\1s\0)\0\0\0org.free"..., iov_len=192}], msg_iovlen=1, msg_controllen=0, msg_flags=MSG_CMSG_CLOEXEC}, MSG_CMSG_CLOEXEC) = 192
3616  poll([{fd=11, events=POLLIN}], 1, 0) = 0 (Timeout)
3616  write(12, "\1\0\0\0\0\0\0\0", 8 <unfinished ...>
3614  <... poll resumed> )              = 1 ([{fd=12, revents=POLLIN}])
3616  <... write resumed> )             = 8
3614  futex(0x55faabac5890, FUTEX_WAIT_PRIVATE, 2, NULL <unfinished ...>
3616  futex(0x55faabac5890, FUTEX_WAKE_PRIVATE, 1 <unfinished ...>
3614  <... futex resumed> )             = -1 EAGAIN (Resource temporarily unavailable)
3616  <... futex resumed> )             = 0
3614  read(12,  <unfinished ...>
3616  futex(0x55faabac5890, FUTEX_WAIT_PRIVATE, 2, NULL <unfinished ...>
3614  <... read resumed> "\1\0\0\0\0\0\0\0", 16) = 8
3614  futex(0x55faabac5890, FUTEX_WAKE_PRIVATE, 1) = 1
3616  <... futex resumed> )             = 0
3616  futex(0x55faabac5890, FUTEX_WAKE_PRIVATE, 1 <unfinished ...>
3614  write(12, "\1\0\0\0\0\0\0\0", 8 <unfinished ...>
3616  <... futex resumed> )             = 0
3614  <... write resumed> )             = 8
3616  futex(0x55faabac5890, FUTEX_WAIT_PRIVATE, 2, NULL <unfinished ...>
3614  futex(0x55faabac58a0, FUTEX_WAKE_PRIVATE, 2147483647) = 0
3614  futex(0x55faabac5890, FUTEX_WAKE_PRIVATE, 1) = 1
3616  <... futex resumed> )             = 0
3616  futex(0x55faabac5890, FUTEX_WAKE_PRIVATE, 1 <unfinished ...>
3614  futex(0x55faab993128, FUTEX_WAIT_PRIVATE, 2, NULL <unfinished ...>
3616  <... futex resumed> )             = 0
3616  close(12)                         = 0
3616  futex(0x55faab993128, FUTEX_WAKE_PRIVATE, 1 <unfinished ...>
3614  <... futex resumed> )             = 0
3616  <... futex resumed> )             = 1
3616  poll([{fd=10, events=POLLIN}], 1, 0) = 0 (Timeout)
3616  write(11, "\1\0\0\0\0\0\0\0", 8 <unfinished ...>
3614  futex(0x55faab9dfe50, FUTEX_WAIT_PRIVATE, 2, NULL <unfinished ...>
3616  <... write resumed> )             = 8
3616  futex(0x55faab9dfe50, FUTEX_WAKE_PRIVATE, 1 <unfinished ...>
3614  <... futex resumed> )             = 0
3616  <... futex resumed> )             = 1
3614  write(11, "\1\0\0\0\0\0\0\0", 8 <unfinished ...>
3616  futex(0x55faab9dfe50, FUTEX_WAIT_PRIVATE, 2, NULL <unfinished ...>
3614  <... write resumed> )             = 8
3614  futex(0x55faab9dfe50, FUTEX_WAKE_PRIVATE, 1) = 1
3616  <... futex resumed> )             = 0
3614  futex(0x55faab993128, FUTEX_WAKE_PRIVATE, 1 <unfinished ...>
3616  futex(0x55faab9dfe50, FUTEX_WAKE_PRIVATE, 1 <unfinished ...>
3614  <... futex resumed> )             = 0
3616  <... futex resumed> )             = 0
3616  poll([{fd=10, events=POLLIN}, {fd=11, events=POLLIN}], 2, 0) = 1 ([{fd=11, revents=POLLIN}])
3616  read(11, "\2\0\0\0\0\0\0\0", 16)  = 8
3616  futex(0x55faab993128, FUTEX_WAIT_PRIVATE, 2, NULL <unfinished ...>
3614  futex(0x55faab993128, FUTEX_WAKE_PRIVATE, 1 <unfinished ...>
3616  <... futex resumed> )             = -1 EAGAIN (Resource temporarily unavailable)
3614  <... futex resumed> )             = 0
3616  futex(0x55faab993128, FUTEX_WAKE_PRIVATE, 1) = 0
3616  futex(0x55faab993128, FUTEX_WAIT_PRIVATE, 2, NULL <unfinished ...>
3614  futex(0x55faab993128, FUTEX_WAKE_PRIVATE, 1) = 1
3616  <... futex resumed> )             = 0
3616  futex(0x55faab993128, FUTEX_WAKE_PRIVATE, 1) = 0
3614  eventfd2(0, EFD_CLOEXEC|EFD_NONBLOCK <unfinished ...>
3616  sendmsg(10, {msg_name=NULL, msg_namelen=0, msg_iov=[{iov_base="l\1\0\1\247\0\0\0\25\0\0\0}\0\0\0\10\1g\0\1s\0\0\1\1o\0\25\0\0\0"..., iov_len=311}], msg_iovlen=1, msg_controllen=0, msg_flags=0}, MSG_NOSIGNAL <unfinished ...>
3614  <... eventfd2 resumed> )          = 12
3614  write(12, "\1\0\0\0\0\0\0\0", 8 <unfinished ...>
3616  <... sendmsg resumed> )           = 311
3614  <... write resumed> )             = 8
3616  poll([{fd=10, events=POLLIN}, {fd=11, events=POLLIN}], 2, 0) = 0 (Timeout)
3614  futex(0x55faab993128, FUTEX_WAKE_PRIVATE, 1 <unfinished ...>
3616  futex(0x55faab993128, FUTEX_WAIT_PRIVATE, 2, NULL <unfinished ...>
3614  <... futex resumed> )             = 0
3616  <... futex resumed> )             = -1 EAGAIN (Resource temporarily unavailable)
3614  poll([{fd=12, events=POLLIN}], 1, 25000 <unfinished ...>
3616  futex(0x55faab993128, FUTEX_WAKE_PRIVATE, 1 <unfinished ...>
3614  <... poll resumed> )              = 1 ([{fd=12, revents=POLLIN}])
3616  <... futex resumed> )             = 0
3614  read(12, "\1\0\0\0\0\0\0\0", 16)  = 8
3616  sendmsg(10, {msg_name=NULL, msg_namelen=0, msg_iov=[{iov_base="l\1\0\1\316\0\0\0\26\0\0\0}\0\0\0\10\1g\0\1s\0\0\1\1o\0\25\0\0\0"..., iov_len=350}], msg_iovlen=1, msg_controllen=0, msg_flags=0}, MSG_NOSIGNAL <unfinished ...>
3614  poll([{fd=12, events=POLLIN}], 1, 25000 <unfinished ...>
3616  <... sendmsg resumed> )           = 350
3616  poll([{fd=10, events=POLLIN}, {fd=11, events=POLLIN}], 2, 0) = 1 ([{fd=10, revents=POLLIN}])
3616  write(11, "\1\0\0\0\0\0\0\0", 8)  = 8
3616  recvmsg(10, {msg_name=NULL, msg_namelen=0, msg_iov=[{iov_base="l\2\1\1\0\0\0\0\25\0\0\0005\0\0\0", iov_len=16}], msg_iovlen=1, msg_controllen=0, msg_flags=MSG_CMSG_CLOEXEC}, MSG_CMSG_CLOEXEC) = 16
3616  poll([{fd=10, events=POLLIN}], 1, 0) = 1 ([{fd=10, revents=POLLIN}])
3616  recvmsg(10, {msg_name=NULL, msg_namelen=0, msg_iov=[{iov_base="\6\1s\0\5\0\0\0:1.60\0\0\0\5\1u\0\25\0\0\0\7\1s\0\24\0\0\0"..., iov_len=56}], msg_iovlen=1, msg_controllen=0, msg_flags=MSG_CMSG_CLOEXEC}, MSG_CMSG_CLOEXEC) = 56
3616  write(11, "\1\0\0\0\0\0\0\0", 8)  = 8
3616  write(11, "\1\0\0\0\0\0\0\0", 8)  = 8
3616  sendmsg(10, {msg_name=NULL, msg_namelen=0, msg_iov=[{iov_base="l\1\0\1\214\0\0\0\27\0\0\0}\0\0\0\10\1g\0\1s\0\0\1\1o\0\25\0\0\0"..., iov_len=284}], msg_iovlen=1, msg_controllen=0, msg_flags=0}, MSG_NOSIGNAL) = 284
3616  poll([{fd=11, events=POLLIN}], 1, 0) = 1 ([{fd=11, revents=POLLIN}])
3616  read(11, "\3\0\0\0\0\0\0\0", 16)  = 8
3616  poll([{fd=10, events=POLLIN}], 1, 0) = 1 ([{fd=10, revents=POLLIN}])
3616  recvmsg(10, {msg_name=NULL, msg_namelen=0, msg_iov=[{iov_base="l\2\1\1\0\0\0\0\26\0\0\0005\0\0\0", iov_len=16}], msg_iovlen=1, msg_controllen=0, msg_flags=MSG_CMSG_CLOEXEC}, MSG_CMSG_CLOEXEC) = 16
3616  sendmsg(10, {msg_name=NULL, msg_namelen=0, msg_iov=[{iov_base="l\1\0\1\256\0\0\0\30\0\0\0}\0\0\0\10\1g\0\1s\0\0\1\1o\0\25\0\0\0"..., iov_len=318}], msg_iovlen=1, msg_controllen=0, msg_flags=0}, MSG_NOSIGNAL) = 318
3616  poll([{fd=11, events=POLLIN}], 1, 0) = 0 (Timeout)
3616  poll([{fd=10, events=POLLIN}], 1, 0) = 1 ([{fd=10, revents=POLLIN}])
3616  recvmsg(10, {msg_name=NULL, msg_namelen=0, msg_iov=[{iov_base="\6\1s\0\5\0\0\0:1.60\0\0\0\5\1u\0\26\0\0\0\7\1s\0\24\0\0\0"..., iov_len=56}], msg_iovlen=1, msg_controllen=0, msg_flags=MSG_CMSG_CLOEXEC}, MSG_CMSG_CLOEXEC) = 56
3616  sendmsg(10, {msg_name=NULL, msg_namelen=0, msg_iov=[{iov_base="l\1\0\1(\0\0\0\31\0\0\0\205\0\0\0\10\1g\0\2su\0\1\1o\0\25\0\0\0"..., iov_len=192}], msg_iovlen=1, msg_controllen=0, msg_flags=0}, MSG_NOSIGNAL) = 192
3616  poll([{fd=11, events=POLLIN}], 1, 0) = 0 (Timeout)
3616  poll([{fd=10, events=POLLIN}], 1, 0) = 1 ([{fd=10, revents=POLLIN}])
3616  recvmsg(10, {msg_name=NULL, msg_namelen=0, msg_iov=[{iov_base="l\2\1\1\0\0\0\0\27\0\0\0005\0\0\0", iov_len=16}], msg_iovlen=1, msg_controllen=0, msg_flags=MSG_CMSG_CLOEXEC}, MSG_CMSG_CLOEXEC) = 16
3616  poll([{fd=11, events=POLLIN}], 1, 0) = 0 (Timeout)
3616  poll([{fd=10, events=POLLIN}], 1, 0) = 1 ([{fd=10, revents=POLLIN}])
3616  recvmsg(10, {msg_name=NULL, msg_namelen=0, msg_iov=[{iov_base="\6\1s\0\5\0\0\0:1.60\0\0\0\5\1u\0\27\0\0\0\7\1s\0\24\0\0\0"..., iov_len=56}], msg_iovlen=1, msg_controllen=0, msg_flags=MSG_CMSG_CLOEXEC}, MSG_CMSG_CLOEXEC) = 56
3616  poll([{fd=11, events=POLLIN}], 1, 0) = 0 (Timeout)
3616  poll([{fd=10, events=POLLIN}], 1, 0) = 1 ([{fd=10, revents=POLLIN}])
3616  recvmsg(10, {msg_name=NULL, msg_namelen=0, msg_iov=[{iov_base="l\2\1\1\0\0\0\0\30\0\0\0005\0\0\0", iov_len=16}], msg_iovlen=1, msg_controllen=0, msg_flags=MSG_CMSG_CLOEXEC}, MSG_CMSG_CLOEXEC) = 16
3616  poll([{fd=11, events=POLLIN}], 1, 0) = 0 (Timeout)
3616  poll([{fd=10, events=POLLIN}], 1, 0) = 1 ([{fd=10, revents=POLLIN}])
3616  recvmsg(10, {msg_name=NULL, msg_namelen=0, msg_iov=[{iov_base="\6\1s\0\5\0\0\0:1.60\0\0\0\5\1u\0\30\0\0\0\7\1s\0\24\0\0\0"..., iov_len=56}], msg_iovlen=1, msg_controllen=0, msg_flags=MSG_CMSG_CLOEXEC}, MSG_CMSG_CLOEXEC) = 56
3616  poll([{fd=11, events=POLLIN}], 1, 0) = 0 (Timeout)
3616  poll([{fd=10, events=POLLIN}], 1, 0) = 1 ([{fd=10, revents=POLLIN}])
3616  recvmsg(10, {msg_name=NULL, msg_namelen=0, msg_iov=[{iov_base="l\2\1\1\4\0\0\0\31\0\0\0=\0\0\0", iov_len=16}], msg_iovlen=1, msg_controllen=0, msg_flags=MSG_CMSG_CLOEXEC}, MSG_CMSG_CLOEXEC) = 16
3616  poll([{fd=11, events=POLLIN}], 1, 0) = 0 (Timeout)
3616  poll([{fd=10, events=POLLIN}], 1, 0) = 1 ([{fd=10, revents=POLLIN}])
3616  recvmsg(10, {msg_name=NULL, msg_namelen=0, msg_iov=[{iov_base="\6\1s\0\5\0\0\0:1.60\0\0\0\5\1u\0\31\0\0\0\10\1g\0\1u\0\0"..., iov_len=68}], msg_iovlen=1, msg_controllen=0, msg_flags=MSG_CMSG_CLOEXEC}, MSG_CMSG_CLOEXEC) = 68
3616  poll([{fd=11, events=POLLIN}], 1, 0) = 0 (Timeout)
3616  write(12, "\1\0\0\0\0\0\0\0", 8 <unfinished ...>
3614  <... poll resumed> )              = 1 ([{fd=12, revents=POLLIN}])
3616  <... write resumed> )             = 8
3614  futex(0x55faaba47670, FUTEX_WAIT_PRIVATE, 2, NULL <unfinished ...>
3616  futex(0x55faaba47670, FUTEX_WAKE_PRIVATE, 1 <unfinished ...>
3614  <... futex resumed> )             = -1 EAGAIN (Resource temporarily unavailable)
3616  <... futex resumed> )             = 0
3614  read(12,  <unfinished ...>
3616  futex(0x55faaba47670, FUTEX_WAIT_PRIVATE, 2, NULL <unfinished ...>
3614  <... read resumed> "\1\0\0\0\0\0\0\0", 16) = 8
3614  futex(0x55faaba47670, FUTEX_WAKE_PRIVATE, 1) = 1
3616  <... futex resumed> )             = 0
3616  futex(0x55faaba47670, FUTEX_WAKE_PRIVATE, 1 <unfinished ...>
3614  futex(0x55faab993128, FUTEX_WAIT_PRIVATE, 2, NULL <unfinished ...>
3616  <... futex resumed> )             = 0
3616  futex(0x55faab993128, FUTEX_WAKE_PRIVATE, 1 <unfinished ...>
3614  <... futex resumed> )             = 0
3616  <... futex resumed> )             = 1
3616  poll([{fd=10, events=POLLIN}], 1, 0 <unfinished ...>
3614  write(11, "\1\0\0\0\0\0\0\0", 8 <unfinished ...>
3616  <... poll resumed> )              = 0 (Timeout)
3614  <... write resumed> )             = 8
3614  futex(0x55faab993128, FUTEX_WAKE_PRIVATE, 1 <unfinished ...>
3616  write(11, "\1\0\0\0\0\0\0\0", 8 <unfinished ...>
3614  <... futex resumed> )             = 0
3616  <... write resumed> )             = 8
3614  poll([{fd=12, events=POLLIN}], 1, 25000 <unfinished ...>
3616  poll([{fd=10, events=POLLIN}, {fd=11, events=POLLIN}], 2, 0) = 1 ([{fd=11, revents=POLLIN}])
3616  read(11, "\2\0\0\0\0\0\0\0", 16)  = 8
3616  sendmsg(10, {msg_name=NULL, msg_namelen=0, msg_iov=[{iov_base="l\1\0\1#\0\0\0\32\0\0\0}\0\0\0\10\1g\0\1s\0\0\1\1o\0\25\0\0\0"..., iov_len=179}], msg_iovlen=1, msg_controllen=0, msg_flags=0}, MSG_NOSIGNAL) = 179
3616  poll([{fd=10, events=POLLIN}, {fd=11, events=POLLIN}], 2, 0) = 0 (Timeout)
3616  poll([{fd=10, events=POLLIN}, {fd=11, events=POLLIN}], 2, -1) = 1 ([{fd=10, revents=POLLIN}])
3616  write(11, "\1\0\0\0\0\0\0\0", 8)  = 8
3616  recvmsg(10, {msg_name=NULL, msg_namelen=0, msg_iov=[{iov_base="l\2\1\1\n\0\0\0\32\0\0\0=\0\0\0", iov_len=16}], msg_iovlen=1, msg_controllen=0, msg_flags=MSG_CMSG_CLOEXEC}, MSG_CMSG_CLOEXEC) = 16
3616  poll([{fd=10, events=POLLIN}], 1, 0) = 1 ([{fd=10, revents=POLLIN}])
3616  recvmsg(10, {msg_name=NULL, msg_namelen=0, msg_iov=[{iov_base="\6\1s\0\5\0\0\0:1.60\0\0\0\5\1u\0\32\0\0\0\10\1g\0\1s\0\0"..., iov_len=74}], msg_iovlen=1, msg_controllen=0, msg_flags=MSG_CMSG_CLOEXEC}, MSG_CMSG_CLOEXEC) = 74
3616  write(11, "\1\0\0\0\0\0\0\0", 8)  = 8
3616  write(11, "\1\0\0\0\0\0\0\0", 8)  = 8
3616  poll([{fd=11, events=POLLIN}], 1, 0) = 1 ([{fd=11, revents=POLLIN}])
3616  read(11, "\3\0\0\0\0\0\0\0", 16)  = 8
3616  write(12, "\1\0\0\0\0\0\0\0", 8)  = 8
3614  <... poll resumed> )              = 1 ([{fd=12, revents=POLLIN}])
3616  poll([{fd=10, events=POLLIN}], 1, 0 <unfinished ...>
3614  read(12,  <unfinished ...>
3616  <... poll resumed> )              = 0 (Timeout)
3614  <... read resumed> "\1\0\0\0\0\0\0\0", 16) = 8
3616  write(11, "\1\0\0\0\0\0\0\0", 8)  = 8
3616  poll([{fd=10, events=POLLIN}, {fd=11, events=POLLIN}], 2, -1) = 1 ([{fd=11, revents=POLLIN}])
3616  read(11, "\1\0\0\0\0\0\0\0", 16)  = 8
3616  poll([{fd=10, events=POLLIN}, {fd=11, events=POLLIN}], 2, -1 <unfinished ...>
3614  write(11, "\1\0\0\0\0\0\0\0", 8)  = 8
3616  <... poll resumed> )              = 1 ([{fd=11, revents=POLLIN}])
3616  read(11,  <unfinished ...>
3614  poll([{fd=12, events=POLLIN}], 1, 25000 <unfinished ...>
3616  <... read resumed> "\1\0\0\0\0\0\0\0", 16) = 8
3616  sendmsg(10, {msg_name=NULL, msg_namelen=0, msg_iov=[{iov_base="l\1\0\1#\0\0\0\33\0\0\0v\0\0\0\10\1g\0\1s\0\0\1\1o\0\37\0\0\0"..., iov_len=171}], msg_iovlen=1, msg_controllen=0, msg_flags=0}, MSG_NOSIGNAL) = 171
3616  poll([{fd=10, events=POLLIN}, {fd=11, events=POLLIN}], 2, 0) = 0 (Timeout)
3616  poll([{fd=10, events=POLLIN}, {fd=11, events=POLLIN}], 2, -1) = 1 ([{fd=10, revents=POLLIN}])
3616  write(11, "\1\0\0\0\0\0\0\0", 8)  = 8
3616  recvmsg(10, {msg_name=NULL, msg_namelen=0, msg_iov=[{iov_base="l\3\1\0017\0\0\0'\0\0\0^\0\0\0", iov_len=16}], msg_iovlen=1, msg_controllen=0, msg_flags=MSG_CMSG_CLOEXEC}, MSG_CMSG_CLOEXEC) = 16
3616  poll([{fd=10, events=POLLIN}], 1, 0) = 1 ([{fd=10, revents=POLLIN}])
3616  recvmsg(10, {msg_name=NULL, msg_namelen=0, msg_iov=[{iov_base="\10\1g\0\1s\0\0\4\1s\0&\0\0\0org.freedesktop."..., iov_len=151}], msg_iovlen=1, msg_controllen=0, msg_flags=MSG_CMSG_CLOEXEC}, MSG_CMSG_CLOEXEC) = 151
3616  write(11, "\1\0\0\0\0\0\0\0", 8)  = 8
3616  write(11, "\1\0\0\0\0\0\0\0", 8)  = 8
3616  poll([{fd=11, events=POLLIN}], 1, 0) = 1 ([{fd=11, revents=POLLIN}])
3616  read(11, "\3\0\0\0\0\0\0\0", 16)  = 8
3616  write(12, "\1\0\0\0\0\0\0\0", 8)  = 8
3616  poll([{fd=10, events=POLLIN}], 1, 0 <unfinished ...>
3614  <... poll resumed> )              = 1 ([{fd=12, revents=POLLIN}])
3616  <... poll resumed> )              = 0 (Timeout)
3616  write(11, "\1\0\0\0\0\0\0\0", 8 <unfinished ...>
3614  read(12,  <unfinished ...>
3616  <... write resumed> )             = 8
3614  <... read resumed> "\1\0\0\0\0\0\0\0", 16) = 8
3616  poll([{fd=10, events=POLLIN}, {fd=11, events=POLLIN}], 2, -1) = 1 ([{fd=11, revents=POLLIN}])
3614  write(12, "\1\0\0\0\0\0\0\0", 8 <unfinished ...>
3616  read(11,  <unfinished ...>
3614  <... write resumed> )             = 8
3616  <... read resumed> "\1\0\0\0\0\0\0\0", 16) = 8
3614  futex(0x55faaba47680, FUTEX_WAKE_PRIVATE, 2147483647 <unfinished ...>
3616  poll([{fd=10, events=POLLIN}, {fd=11, events=POLLIN}], 2, -1 <unfinished ...>
3614  <... futex resumed> )             = 0
3614  close(12)                         = 0
3614  futex(0x7faae8d12f38, FUTEX_WAKE_PRIVATE, 2147483647) = 0
3614  futex(0x7faae8d12f38, FUTEX_WAKE_PRIVATE, 2147483647) = 0
3614  futex(0x7faae8d12f38, FUTEX_WAKE_PRIVATE, 2147483647) = 0
3614  futex(0x7faae8d12f38, FUTEX_WAKE_PRIVATE, 2147483647) = 0
3614  futex(0x7faae8d12f38, FUTEX_WAKE_PRIVATE, 2147483647) = 0
3614  futex(0x7faae8d12f38, FUTEX_WAKE_PRIVATE, 2147483647) = 0
3614  futex(0x7faae8d12f38, FUTEX_WAKE_PRIVATE, 2147483647) = 0
3614  futex(0x7faae8d12f38, FUTEX_WAKE_PRIVATE, 2147483647) = 0
3614  futex(0x7faae8d12f38, FUTEX_WAKE_PRIVATE, 2147483647) = 0
3614  futex(0x7faae8d12f38, FUTEX_WAKE_PRIVATE, 2147483647) = 0
3614  futex(0x7faae8d12f38, FUTEX_WAKE_PRIVATE, 2147483647) = 0
3614  futex(0x7faae8d12f38, FUTEX_WAKE_PRIVATE, 2147483647) = 0
3614  futex(0x7faae8d12f38, FUTEX_WAKE_PRIVATE, 2147483647) = 0
3614  futex(0x7faae8d12f38, FUTEX_WAKE_PRIVATE, 2147483647) = 0
3614  futex(0x7faae8d12f38, FUTEX_WAKE_PRIVATE, 2147483647) = 0
3614  write(8, "\1\0\0\0\0\0\0\0", 8)   = 8
3617  <... poll resumed> )              = 1 ([{fd=8, revents=POLLIN}])
3617  read(8, "\1\0\0\0\0\0\0\0", 16)   = 8
3614  write(8, "\1\0\0\0\0\0\0\0", 8 <unfinished ...>
3617  futex(0x55faab9c5750, FUTEX_WAIT_PRIVATE, 2, NULL <unfinished ...>
3614  <... write resumed> )             = 8
3614  futex(0x55faab9c5750, FUTEX_WAKE_PRIVATE, 1) = 1
3617  <... futex resumed> )             = 0
3617  futex(0x55faab9c5750, FUTEX_WAKE_PRIVATE, 1) = 0
3614  futex(0x55faab9d8080, FUTEX_WAKE_PRIVATE, 1 <unfinished ...>
3617  futex(0x55faab9d8080, FUTEX_WAIT_PRIVATE, 2, NULL <unfinished ...>
3614  <... futex resumed> )             = 0
3617  <... futex resumed> )             = -1 EAGAIN (Resource temporarily unavailable)
3614  write(8, "\1\0\0\0\0\0\0\0", 8 <unfinished ...>
3617  futex(0x55faab9d8080, FUTEX_WAKE_PRIVATE, 1 <unfinished ...>
3614  <... write resumed> )             = 8
3617  <... futex resumed> )             = 0
3614  futex(0x55faab9d8080, FUTEX_WAKE_PRIVATE, 1 <unfinished ...>
3617  futex(0x55faab9d8080, FUTEX_WAIT_PRIVATE, 2, NULL <unfinished ...>
3614  <... futex resumed> )             = 0
3617  <... futex resumed> )             = -1 EAGAIN (Resource temporarily unavailable)
3617  futex(0x55faab9d8080, FUTEX_WAKE_PRIVATE, 1) = 0
3614  write(8, "\1\0\0\0\0\0\0\0", 8)   = 8
3617  write(11, "\1\0\0\0\0\0\0\0", 8)  = 8
3616  <... poll resumed> )              = 1 ([{fd=11, revents=POLLIN}])
3617  poll([{fd=8, events=POLLIN}], 1, 0 <unfinished ...>
3616  read(11,  <unfinished ...>
3617  <... poll resumed> )              = 1 ([{fd=8, revents=POLLIN}])
3616  <... read resumed> "\1\0\0\0\0\0\0\0", 16) = 8
3617  read(8, "\3\0\0\0\0\0\0\0", 16)   = 8
3616  sendmsg(10, {msg_name=NULL, msg_namelen=0, msg_iov=[{iov_base="l\1\0\1\256\0\0\0\34\0\0\0}\0\0\0\10\1g\0\1s\0\0\1\1o\0\25\0\0\0"..., iov_len=318}], msg_iovlen=1, msg_controllen=0, msg_flags=0}, MSG_NOSIGNAL <unfinished ...>
3614  futex(0x7faae8f67288, FUTEX_WAIT_PRIVATE, 2, NULL <unfinished ...>
3617  futex(0x7faae8f67288, FUTEX_WAKE_PRIVATE, 1 <unfinished ...>
3614  <... futex resumed> )             = -1 EAGAIN (Resource temporarily unavailable)
3617  <... futex resumed> )             = 0
3614  futex(0x7faae8f67288, FUTEX_WAKE_PRIVATE, 1 <unfinished ...>
3616  <... sendmsg resumed> )           = 318
3614  <... futex resumed> )             = 0
3616  poll([{fd=10, events=POLLIN}, {fd=11, events=POLLIN}], 2, 0) = 1 ([{fd=10, revents=POLLIN}])
3614  futex(0x7faae8d12d80, FUTEX_WAKE_PRIVATE, 1 <unfinished ...>
3617  futex(0x7faae8d12d80, FUTEX_WAIT_PRIVATE, 2, NULL <unfinished ...>
3614  <... futex resumed> )             = 0
3617  <... futex resumed> )             = -1 EAGAIN (Resource temporarily unavailable)
3616  write(11, "\1\0\0\0\0\0\0\0", 8 <unfinished ...>
3617  futex(0x7faae8d12d80, FUTEX_WAKE_PRIVATE, 1 <unfinished ...>
3616  <... write resumed> )             = 8
3617  <... futex resumed> )             = 0
3616  recvmsg(10, {msg_name=NULL, msg_namelen=0, msg_iov=[{iov_base="l\2\1\1\0\0\0\0\33\0\0\0005\0\0\0", iov_len=16}], msg_iovlen=1, msg_controllen=0, msg_flags=MSG_CMSG_CLOEXEC}, MSG_CMSG_CLOEXEC) = 16
3614  sysinfo( <unfinished ...>
3617  poll([{fd=8, events=POLLIN}], 1, 25000 <unfinished ...>
3614  <... sysinfo resumed> {uptime=2293, loads=[16640, 8544, 2464], totalram=33604456448, freeram=31954874368, sharedram=24412160, bufferram=390627328, totalswap=0, freeswap=0, procs=261, totalhigh=0, freehigh=0, mem_unit=1}) = 0
3616  poll([{fd=10, events=POLLIN}], 1, 0) = 1 ([{fd=10, revents=POLLIN}])
3616  recvmsg(10, {msg_name=NULL, msg_namelen=0, msg_iov=[{iov_base="\6\1s\0\5\0\0\0:1.60\0\0\0\5\1u\0\34\0\0\0\7\1s\0\24\0\0\0"..., iov_len=56}], msg_iovlen=1, msg_controllen=0, msg_flags=MSG_CMSG_CLOEXEC}, MSG_CMSG_CLOEXEC) = 56
3616  write(11, "\1\0\0\0\0\0\0\0", 8)  = 8
3616  write(11, "\1\0\0\0\0\0\0\0", 8)  = 8
3616  sendmsg(10, {msg_name=NULL, msg_namelen=0, msg_iov=[{iov_base="l\1\0\1\256\0\0\0\35\0\0\0}\0\0\0\10\1g\0\1s\0\0\1\1o\0\25\0\0\0"..., iov_len=318}], msg_iovlen=1, msg_controllen=0, msg_flags=0}, MSG_NOSIGNAL) = 318
3616  poll([{fd=11, events=POLLIN}], 1, 0) = 1 ([{fd=11, revents=POLLIN}])
3616  read(11, "\3\0\0\0\0\0\0\0", 16)  = 8
3616  write(8, "\1\0\0\0\0\0\0\0", 8 <unfinished ...>
3617  <... poll resumed> )              = 1 ([{fd=8, revents=POLLIN}])
3616  <... write resumed> )             = 8
3617  futex(0x55faab9c5750, FUTEX_WAIT_PRIVATE, 2, NULL <unfinished ...>
3616  futex(0x55faab9c5750, FUTEX_WAKE_PRIVATE, 1 <unfinished ...>
3617  <... futex resumed> )             = -1 EAGAIN (Resource temporarily unavailable)
3616  <... futex resumed> )             = 0
3617  read(8,  <unfinished ...>
3616  futex(0x55faab9c5750, FUTEX_WAIT_PRIVATE, 2, NULL <unfinished ...>
3617  <... read resumed> "\1\0\0\0\0\0\0\0", 16) = 8
3617  futex(0x55faab9c5750, FUTEX_WAKE_PRIVATE, 1) = 1
3616  <... futex resumed> )             = 0
3616  futex(0x55faab9c5750, FUTEX_WAKE_PRIVATE, 1 <unfinished ...>
3617  poll([{fd=8, events=POLLIN}], 1, 24967 <unfinished ...>
3616  <... futex resumed> )             = 0
3616  poll([{fd=10, events=POLLIN}], 1, 0) = 1 ([{fd=10, revents=POLLIN}])
3616  recvmsg(10, {msg_name=NULL, msg_namelen=0, msg_iov=[{iov_base="l\2\1\1\0\0\0\0\34\0\0\0005\0\0\0", iov_len=16}], msg_iovlen=1, msg_controllen=0, msg_flags=MSG_CMSG_CLOEXEC}, MSG_CMSG_CLOEXEC) = 16
3616  sendmsg(10, {msg_name=NULL, msg_namelen=0, msg_iov=[{iov_base="l\1\0\1\256\0\0\0\36\0\0\0}\0\0\0\10\1g\0\1s\0\0\1\1o\0\25\0\0\0"..., iov_len=318}], msg_iovlen=1, msg_controllen=0, msg_flags=0}, MSG_NOSIGNAL) = 318
3616  poll([{fd=11, events=POLLIN}], 1, 0) = 0 (Timeout)
3616  poll([{fd=10, events=POLLIN}], 1, 0) = 1 ([{fd=10, revents=POLLIN}])
3616  recvmsg(10, {msg_name=NULL, msg_namelen=0, msg_iov=[{iov_base="\6\1s\0\5\0\0\0:1.60\0\0\0\5\1u\0\35\0\0\0\7\1s\0\24\0\0\0"..., iov_len=56}], msg_iovlen=1, msg_controllen=0, msg_flags=MSG_CMSG_CLOEXEC}, MSG_CMSG_CLOEXEC) = 56
3616  sendmsg(10, {msg_name=NULL, msg_namelen=0, msg_iov=[{iov_base="l\1\0\1\256\0\0\0\37\0\0\0}\0\0\0\10\1g\0\1s\0\0\1\1o\0\25\0\0\0"..., iov_len=318}], msg_iovlen=1, msg_controllen=0, msg_flags=0}, MSG_NOSIGNAL) = 318
3614  futex(0x7faae8f67288, FUTEX_WAKE_PRIVATE, 1 <unfinished ...>
3616  futex(0x7faae8f67288, FUTEX_WAKE_PRIVATE, 1 <unfinished ...>
3614  <... futex resumed> )             = 0
3616  <... futex resumed> )             = 0
3616  poll([{fd=11, events=POLLIN}], 1, 0) = 0 (Timeout)
3616  write(8, "\1\0\0\0\0\0\0\0", 8 <unfinished ...>
3614  poll([{fd=3, events=POLLIN}, {fd=4, events=POLLIN}, {fd=6, events=POLLIN}], 3, 0 <unfinished ...>
3617  <... poll resumed> )              = 1 ([{fd=8, revents=POLLIN}])
3614  <... poll resumed> )              = 2 ([{fd=4, revents=POLLIN}, {fd=6, revents=POLLIN}])
3617  futex(0x55faab9c5750, FUTEX_WAIT_PRIVATE, 2, NULL <unfinished ...>
3614  read(4,  <unfinished ...>
3616  <... write resumed> )             = 8
3614  <... read resumed> "\3\0\0\0\0\0\0\0", 16) = 8
3616  futex(0x55faab9c5750, FUTEX_WAKE_PRIVATE, 1 <unfinished ...>
3617  <... futex resumed> )             = 0
3616  <... futex resumed> )             = 1
3614  poll([{fd=3, events=POLLIN|POLLOUT}], 1, -1 <unfinished ...>
3617  read(8,  <unfinished ...>
3614  <... poll resumed> )              = 1 ([{fd=3, revents=POLLOUT}])
3617  <... read resumed> "\1\0\0\0\0\0\0\0", 16) = 8
3614  writev(3, [{iov_base="\30\0\6\0\2\0\240\0\r\2\0\0\362\1\0\0\373\1\0\0\243\372\"\0\20\0\10\0\25\0\234\377"..., iov_len=56}, {iov_base=NULL, iov_len=0}, {iov_base="", iov_len=0}], 3 <unfinished ...>
3617  futex(0x55faab9c5750, FUTEX_WAKE_PRIVATE, 1 <unfinished ...>
3616  futex(0x55faab9c5750, FUTEX_WAIT_PRIVATE, 2, NULL <unfinished ...>
3614  <... writev resumed> )            = 56
3617  <... futex resumed> )             = 0
3614  poll([{fd=3, events=POLLIN}], 1, -1 <unfinished ...>
3616  <... futex resumed> )             = -1 EAGAIN (Resource temporarily unavailable)
3614  <... poll resumed> )              = 1 ([{fd=3, revents=POLLIN}])
3617  poll([{fd=8, events=POLLIN}], 1, 24966 <unfinished ...>
3614  recvmsg(3,  <unfinished ...>
3616  futex(0x55faab9c5750, FUTEX_WAKE_PRIVATE, 1 <unfinished ...>
3614  <... recvmsg resumed> {msg_name=NULL, msg_namelen=0, msg_iov=[{iov_base="\37\0\251\0\243\372\"\0\2\0\240\0\r\2\0\0\362\1\0\0\0\0\0\0\0\0\0\0\0\0\0\0"..., iov_len=4096}], msg_iovlen=1, msg_controllen=0, msg_flags=0}, 0) = 64
3616  <... futex resumed> )             = 0
3614  recvmsg(3, {msg_namelen=0}, 0)    = -1 EAGAIN (Resource temporarily unavailable)
3616  poll([{fd=10, events=POLLIN}], 1, 0) = 1 ([{fd=10, revents=POLLIN}])
3614  futex(0x7faae8d12f38, FUTEX_WAKE_PRIVATE, 2147483647 <unfinished ...>
3616  recvmsg(10,  <unfinished ...>
3614  <... futex resumed> )             = 0
3616  <... recvmsg resumed> {msg_name=NULL, msg_namelen=0, msg_iov=[{iov_base="l\2\1\1\0\0\0\0\35\0\0\0005\0\0\0", iov_len=16}], msg_iovlen=1, msg_controllen=0, msg_flags=MSG_CMSG_CLOEXEC}, MSG_CMSG_CLOEXEC) = 16
3614  poll([{fd=3, events=POLLIN|POLLOUT}], 1, -1) = 1 ([{fd=3, revents=POLLOUT}])
3616  poll([{fd=11, events=POLLIN}], 1, 0 <unfinished ...>
3614  writev(3, [{iov_base="\24\0\6\0\2\0\240\0\373\1\0\0\0\0\0\0\0\0\0\0\377\377\377\37", iov_len=24}, {iov_base=NULL, iov_len=0}, {iov_base="", iov_len=0}], 3 <unfinished ...>
3616  <... poll resumed> )              = 0 (Timeout)
3614  <... writev resumed> )            = 24
3614  poll([{fd=3, events=POLLIN}], 1, -1 <unfinished ...>
3616  poll([{fd=10, events=POLLIN}], 1, 0) = 1 ([{fd=10, revents=POLLIN}])
3616  recvmsg(10, {msg_name=NULL, msg_namelen=0, msg_iov=[{iov_base="\6\1s\0\5\0\0\0:1.60\0\0\0\5\1u\0\36\0\0\0\7\1s\0\24\0\0\0"..., iov_len=56}], msg_iovlen=1, msg_controllen=0, msg_flags=MSG_CMSG_CLOEXEC}, MSG_CMSG_CLOEXEC) = 56
3616  poll([{fd=11, events=POLLIN}], 1, 0) = 0 (Timeout)
3616  write(8, "\1\0\0\0\0\0\0\0", 8 <unfinished ...>
3617  <... poll resumed> )              = 1 ([{fd=8, revents=POLLIN}])
3616  <... write resumed> )             = 8
3617  futex(0x55faab9c5750, FUTEX_WAIT_PRIVATE, 2, NULL <unfinished ...>
3616  futex(0x55faab9c5750, FUTEX_WAKE_PRIVATE, 1 <unfinished ...>
3617  <... futex resumed> )             = -1 EAGAIN (Resource temporarily unavailable)
3616  <... futex resumed> )             = 0
3617  read(8,  <unfinished ...>
3616  futex(0x55faab9c5750, FUTEX_WAIT_PRIVATE, 2, NULL <unfinished ...>
3617  <... read resumed> "\1\0\0\0\0\0\0\0", 16) = 8
3617  futex(0x55faab9c5750, FUTEX_WAKE_PRIVATE, 1) = 1
3616  <... futex resumed> )             = 0
3616  futex(0x55faab9c5750, FUTEX_WAKE_PRIVATE, 1 <unfinished ...>
3617  poll([{fd=8, events=POLLIN}], 1, 24965 <unfinished ...>
3616  <... futex resumed> )             = 0
3616  poll([{fd=10, events=POLLIN}], 1, 0) = 1 ([{fd=10, revents=POLLIN}])
3616  recvmsg(10, {msg_name=NULL, msg_namelen=0, msg_iov=[{iov_base="l\2\1\1\0\0\0\0\36\0\0\0005\0\0\0", iov_len=16}], msg_iovlen=1, msg_controllen=0, msg_flags=MSG_CMSG_CLOEXEC}, MSG_CMSG_CLOEXEC) = 16
3616  poll([{fd=11, events=POLLIN}], 1, 0) = 0 (Timeout)
3616  poll([{fd=10, events=POLLIN}], 1, 0) = 1 ([{fd=10, revents=POLLIN}])
3616  recvmsg(10, {msg_name=NULL, msg_namelen=0, msg_iov=[{iov_base="\6\1s\0\5\0\0\0:1.60\0\0\0\5\1u\0\37\0\0\0\7\1s\0\24\0\0\0"..., iov_len=56}], msg_iovlen=1, msg_controllen=0, msg_flags=MSG_CMSG_CLOEXEC}, MSG_CMSG_CLOEXEC) = 56
3614  <... poll resumed> )              = 1 ([{fd=3, revents=POLLIN}])
3614  recvmsg(3,  <unfinished ...>
3616  poll([{fd=11, events=POLLIN}], 1, 0) = 0 (Timeout)
3614  <... recvmsg resumed> {msg_name=NULL, msg_namelen=0, msg_iov=[{iov_base="\1\0\253\0\0\0\0\0\0\0\0\0\0\0\0\0\0\0\0\0\0\0\0\0\0\0\0\0\0\0\0\0", iov_len=4096}], msg_iovlen=1, msg_controllen=0, msg_flags=0}, 0) = 32
3614  recvmsg(3,  <unfinished ...>
3616  write(8, "\1\0\0\0\0\0\0\0", 8 <unfinished ...>
3614  <... recvmsg resumed> {msg_namelen=0}, 0) = -1 EAGAIN (Resource temporarily unavailable)
3617  <... poll resumed> )              = 1 ([{fd=8, revents=POLLIN}])
3614  recvmsg(3,  <unfinished ...>
3617  futex(0x55faab9c5750, FUTEX_WAIT_PRIVATE, 2, NULL <unfinished ...>
3614  <... recvmsg resumed> {msg_namelen=0}, 0) = -1 EAGAIN (Resource temporarily unavailable)
3616  <... write resumed> )             = 8
3616  futex(0x55faab9c5750, FUTEX_WAKE_PRIVATE, 1 <unfinished ...>
3617  <... futex resumed> )             = 0
3614  write(4, "\1\0\0\0\0\0\0\0", 8 <unfinished ...>
3617  read(8,  <unfinished ...>
3614  <... write resumed> )             = 8
3616  <... futex resumed> )             = 1
3614  recvmsg(6,  <unfinished ...>
3617  <... read resumed> "\1\0\0\0\0\0\0\0", 16) = 8
3614  <... recvmsg resumed> {msg_name=NULL, msg_namelen=0, msg_iov=[{iov_base="l\1\0\0010\0\0\0008\0\0\0\216\0\0\0\1\1o\0\37\0\0\0/org/a11"..., iov_len=2048}], msg_iovlen=1, msg_controllen=0, msg_flags=MSG_CMSG_CLOEXEC}, MSG_CMSG_CLOEXEC) = 328
3617  futex(0x55faab9c5750, FUTEX_WAKE_PRIVATE, 1 <unfinished ...>
3616  futex(0x55faab9c5750, FUTEX_WAIT_PRIVATE, 2, NULL <unfinished ...>
3617  <... futex resumed> )             = 0
3616  <... futex resumed> )             = -1 EAGAIN (Resource temporarily unavailable)
3614  write(4, "\1\0\0\0\0\0\0\0", 8 <unfinished ...>
3616  futex(0x55faab9c5750, FUTEX_WAKE_PRIVATE, 1 <unfinished ...>
3614  <... write resumed> )             = 8
3617  poll([{fd=8, events=POLLIN}], 1, 24928 <unfinished ...>
3614  write(4, "\1\0\0\0\0\0\0\0", 8 <unfinished ...>
3616  <... futex resumed> )             = 0
3614  <... write resumed> )             = 8
3614  recvmsg(6,  <unfinished ...>
3616  poll([{fd=10, events=POLLIN}], 1, 0 <unfinished ...>
3614  <... recvmsg resumed> {msg_namelen=0}, MSG_CMSG_CLOEXEC) = -1 EAGAIN (Resource temporarily unavailable)
3616  <... poll resumed> )              = 0 (Timeout)
3614  write(4, "\1\0\0\0\0\0\0\0", 8)   = 8
3616  write(11, "\1\0\0\0\0\0\0\0", 8 <unfinished ...>
3614  recvmsg(3,  <unfinished ...>
3616  <... write resumed> )             = 8
3614  <... recvmsg resumed> {msg_namelen=0}, 0) = -1 EAGAIN (Resource temporarily unavailable)
3616  poll([{fd=10, events=POLLIN}, {fd=11, events=POLLIN}], 2, -1 <unfinished ...>
3614  recvmsg(3,  <unfinished ...>
3616  <... poll resumed> )              = 1 ([{fd=11, revents=POLLIN}])
3614  <... recvmsg resumed> {msg_namelen=0}, 0) = -1 EAGAIN (Resource temporarily unavailable)
3616  read(11,  <unfinished ...>
3614  recvmsg(3,  <unfinished ...>
3616  <... read resumed> "\1\0\0\0\0\0\0\0", 16) = 8
3614  <... recvmsg resumed> {msg_namelen=0}, 0) = -1 EAGAIN (Resource temporarily unavailable)
3616  poll([{fd=10, events=POLLIN}, {fd=11, events=POLLIN}], 2, -1 <unfinished ...>
3614  poll([{fd=3, events=POLLIN}, {fd=4, events=POLLIN}, {fd=6, events=POLLIN}], 3, 0) = 1 ([{fd=4, revents=POLLIN}])
3614  read(4, "\4\0\0\0\0\0\0\0", 16)   = 8
3614  sendmsg(6, {msg_name=NULL, msg_namelen=0, msg_iov=[{iov_base="l\2\1\1\0\0\0\0\6\0\0\0\30\0\0\0\6\1s\0\5\0\0\0:1.12\0\0\0"..., iov_len=40}, {iov_base="", iov_len=0}], msg_iovlen=2, msg_controllen=0, msg_flags=0}, MSG_NOSIGNAL) = 40
3614  recvmsg(3, {msg_namelen=0}, 0)    = -1 EAGAIN (Resource temporarily unavailable)
3614  recvmsg(3, {msg_namelen=0}, 0)    = -1 EAGAIN (Resource temporarily unavailable)
3614  recvmsg(3, {msg_namelen=0}, 0)    = -1 EAGAIN (Resource temporarily unavailable)
3614  poll([{fd=3, events=POLLIN}, {fd=4, events=POLLIN}, {fd=6, events=POLLIN}], 3, 0) = 0 (Timeout)
3614  sendmsg(6, {msg_name=NULL, msg_namelen=0, msg_iov=[{iov_base="l\1\0\1\0\0\0\0\7\0\0\0\204\0\0\0\1\1o\0\30\0\0\0/org/a11"..., iov_len=152}, {iov_base="", iov_len=0}], msg_iovlen=2, msg_controllen=0, msg_flags=0}, MSG_NOSIGNAL) = 152
3614  sendmsg(6, {msg_name=NULL, msg_namelen=0, msg_iov=[{iov_base="l\1\0\1\0\0\0\0\10\0\0\0\246\0\0\0\1\1o\0.\0\0\0/org/a11"..., iov_len=184}, {iov_base="", iov_len=0}], msg_iovlen=2, msg_controllen=0, msg_flags=0}, MSG_NOSIGNAL) = 184
3614  sendmsg(6, {msg_name=NULL, msg_namelen=0, msg_iov=[{iov_base="l\1\0\1\0\0\0\0\t\0\0\0\250\0\0\0\1\1o\0.\0\0\0/org/a11"..., iov_len=184}, {iov_base="", iov_len=0}], msg_iovlen=2, msg_controllen=0, msg_flags=0}, MSG_NOSIGNAL) = 184
3614  recvmsg(3, {msg_namelen=0}, 0)    = -1 EAGAIN (Resource temporarily unavailable)
3614  recvmsg(3, {msg_namelen=0}, 0)    = -1 EAGAIN (Resource temporarily unavailable)
3614  recvmsg(3, {msg_namelen=0}, 0)    = -1 EAGAIN (Resource temporarily unavailable)
3614  poll([{fd=3, events=POLLIN}, {fd=4, events=POLLIN}, {fd=6, events=POLLIN}], 3, 0) = 1 ([{fd=6, revents=POLLIN}])
3614  write(4, "\1\0\0\0\0\0\0\0", 8)   = 8
3614  recvmsg(6, {msg_name=NULL, msg_namelen=0, msg_iov=[{iov_base="l\2\1\1\10\0\0\0:\0\0\0006\0\0\0\6\1s\0\5\0\0\0:1.16\0\0\0"..., iov_len=2048}], msg_iovlen=1, msg_controllen=0, msg_flags=MSG_CMSG_CLOEXEC}, MSG_CMSG_CLOEXEC) = 256
3614  write(4, "\1\0\0\0\0\0\0\0", 8)   = 8
3614  write(4, "\1\0\0\0\0\0\0\0", 8)   = 8
3614  write(4, "\1\0\0\0\0\0\0\0", 8)   = 8
3614  recvmsg(6, {msg_namelen=0}, MSG_CMSG_CLOEXEC) = -1 EAGAIN (Resource temporarily unavailable)
3614  write(4, "\1\0\0\0\0\0\0\0", 8)   = 8
3614  recvmsg(3, {msg_namelen=0}, 0)    = -1 EAGAIN (Resource temporarily unavailable)
3614  recvmsg(3, {msg_namelen=0}, 0)    = -1 EAGAIN (Resource temporarily unavailable)
3614  recvmsg(3, {msg_namelen=0}, 0)    = -1 EAGAIN (Resource temporarily unavailable)
3614  poll([{fd=3, events=POLLIN}, {fd=4, events=POLLIN}, {fd=6, events=POLLIN}], 3, 0) = 1 ([{fd=4, revents=POLLIN}])
3614  read(4, "\5\0\0\0\0\0\0\0", 16)   = 8
3614  recvmsg(3, {msg_namelen=0}, 0)    = -1 EAGAIN (Resource temporarily unavailable)
3614  recvmsg(3, {msg_namelen=0}, 0)    = -1 EAGAIN (Resource temporarily unavailable)
3614  recvmsg(3, {msg_namelen=0}, 0)    = -1 EAGAIN (Resource temporarily unavailable)
3614  poll([{fd=3, events=POLLIN}, {fd=4, events=POLLIN}, {fd=6, events=POLLIN}], 3, 0) = 0 (Timeout)
3614  recvmsg(3, {msg_namelen=0}, 0)    = -1 EAGAIN (Resource temporarily unavailable)
3614  recvmsg(3, {msg_namelen=0}, 0)    = -1 EAGAIN (Resource temporarily unavailable)
3614  recvmsg(3, {msg_namelen=0}, 0)    = -1 EAGAIN (Resource temporarily unavailable)
3614  poll([{fd=3, events=POLLIN}, {fd=4, events=POLLIN}, {fd=6, events=POLLIN}], 3, 0) = 0 (Timeout)
3614  recvmsg(3, {msg_namelen=0}, 0)    = -1 EAGAIN (Resource temporarily unavailable)
3614  recvmsg(3, {msg_namelen=0}, 0)    = -1 EAGAIN (Resource temporarily unavailable)
3614  recvmsg(3, {msg_namelen=0}, 0)    = -1 EAGAIN (Resource temporarily unavailable)
3614  poll([{fd=3, events=POLLIN}, {fd=4, events=POLLIN}, {fd=6, events=POLLIN}], 3, 0) = 0 (Timeout)
3614  write(11, "\1\0\0\0\0\0\0\0", 8)  = 8
3616  <... poll resumed> )              = 1 ([{fd=11, revents=POLLIN}])
3614  recvmsg(3,  <unfinished ...>
3616  read(11,  <unfinished ...>
3614  <... recvmsg resumed> {msg_namelen=0}, 0) = -1 EAGAIN (Resource temporarily unavailable)
3616  <... read resumed> "\1\0\0\0\0\0\0\0", 16) = 8
3614  recvmsg(3, {msg_namelen=0}, 0)    = -1 EAGAIN (Resource temporarily unavailable)
3616  sendmsg(10, {msg_name=NULL, msg_namelen=0, msg_iov=[{iov_base="l\4\1\1\224\0\0\0 \0\0\0h\0\0\0\10\1g\0\26asa{sb}a{sv"..., iov_len=268}], msg_iovlen=1, msg_controllen=0, msg_flags=0}, MSG_NOSIGNAL <unfinished ...>
3614  recvmsg(3,  <unfinished ...>
3616  <... sendmsg resumed> )           = 268
3616  poll([{fd=10, events=POLLIN}, {fd=11, events=POLLIN}], 2, 0 <unfinished ...>
3614  <... recvmsg resumed> {msg_namelen=0}, 0) = -1 EAGAIN (Resource temporarily unavailable)
3614  poll([{fd=3, events=POLLIN}, {fd=4, events=POLLIN}, {fd=6, events=POLLIN}], 3, 717 <unfinished ...>
3616  <... poll resumed> )              = 0 (Timeout)
3616  poll([{fd=10, events=POLLIN}, {fd=11, events=POLLIN}], 2, -1 <unfinished ...>
3614  <... poll resumed> )              = 0 (Timeout)
3614  recvmsg(3, {msg_namelen=0}, 0)    = -1 EAGAIN (Resource temporarily unavailable)
3614  recvmsg(3, {msg_namelen=0}, 0)    = -1 EAGAIN (Resource temporarily unavailable)
3614  recvmsg(3, {msg_namelen=0}, 0)    = -1 EAGAIN (Resource temporarily unavailable)
3614  poll([{fd=3, events=POLLIN}, {fd=4, events=POLLIN}, {fd=6, events=POLLIN}], 3, 9203) = 1 ([{fd=3, revents=POLLIN}])
3614  recvmsg(3, {msg_name=NULL, msg_namelen=0, msg_iov=[{iov_base="U\2\253\0\203\26#\0\3\4\4\0\0\0\0\0\0\0\0\4\4\4\4\4\0\0\3\37%\2\0\0", iov_len=4096}], msg_iovlen=1, msg_controllen=0, msg_flags=0}, 0) = 32
